{
  "data": {
    "country": {
      "id": "Q291bnRyeQpnMDAwMDAwMDAwMDAwMDAwMDAwMDAwMDAwMDAwMDAwMDA=",
      "translation": {
        "language": "en",
        "name": "Russian"
      },
      "translations": [
        {
          "language": "ru",
          "name": "Россия"
        },
        {
          "language": "en",
          "name": "Russian"
        }
      ]
    }
  }
}