{
  "data": {
    "imagesByTag": [
      {
        "id": "SW1hZ2VJbmZvcm1hdGlvbgpnZjM2NGExZWMzOWEyNGRlZTgwYWE2YjllYjQyMmFlYmI=",
        "tag": "98ffe60d-6096-4504-8afe-2f963e32a961",
        "fileName": "1.svg",
        "systemFileName": "f364a1ec-39a2-4dee-80aa-6b9eb422aebb.webp",
        "isDisposable": false,
        "entityVersion": 0,
        "url": "/api/image-storing/images/download/f364a1ec-39a2-4dee-80aa-6b9eb422aebb"
      },
      {
        "id": "SW1hZ2VJbmZvcm1hdGlvbgpnY2IwZGI1MjliYjY1NDIyNmFmMGVhYzM5NjE0YmI0N2Y=",
        "tag": "98ffe60d-6096-4504-8afe-2f963e32a961",
        "fileName": "3.jpg",
        "systemFileName": "cb0db529-bb65-4226-af0e-ac39614bb47f.webp",
        "isDisposable": false,
        "entityVersion": 0,
        "url": "/api/image-storing/images/download/cb0db529-bb65-4226-af0e-ac39614bb47f"
      },
      {
        "id": "SW1hZ2VJbmZvcm1hdGlvbgpnNDhmZmJiM2I3NWRlNDM0NjkxYzlkMjRhZTA2YWQ2ODI=",
        "tag": "98ffe60d-6096-4504-8afe-2f963e32a961",
        "fileName": "5.png",
        "systemFileName": "48ffbb3b-75de-4346-91c9-d24ae06ad682.webp",
        "isDisposable": false,
        "entityVersion": 0,
        "url": "/api/image-storing/images/download/48ffbb3b-75de-4346-91c9-d24ae06ad682"
      }
    ]
  }
}