{
  "data": {
    "image": {
      "id": "SW1hZ2VJbmZvcm1hdGlvbgpnY2ViNTA3MGJhNWM5NDMxYzhiOGEzYzBlZjc3YWUwMzM=",
      "tag": null,
      "fileName": "6.gif",
      "systemFileName": "ceb5070b-a5c9-431c-8b8a-3c0ef77ae033.webp",
      "isDisposable": false,
      "entityVersion": 0,
      "url": "/api/image-storing/images/download/ceb5070b-a5c9-431c-8b8a-3c0ef77ae033"
    }
  }
}