{
  "data": {
    "systemLanguages": {
      "nodes": [
        {
          "id": "U3lzdGVtTGFuZ3VhZ2UKZGFy",
          "code": "ar",
          "name": "اَلْعَرَبِيَّةُ"
        },
        {
          "id": "U3lzdGVtTGFuZ3VhZ2UKZHpo",
          "code": "zh",
          "name": "汉语"
        },
        {
          "id": "U3lzdGVtTGFuZ3VhZ2UKZGVu",
          "code": "en",
          "name": "English"
        },
        {
          "id": "U3lzdGVtTGFuZ3VhZ2UKZGZy",
          "code": "fr",
          "name": "Français"
        },
        {
          "id": "U3lzdGVtTGFuZ3VhZ2UKZGRl",
          "code": "de",
          "name": "Deutsch"
        },
        {
          "id": "U3lzdGVtTGFuZ3VhZ2UKZGd1",
          "code": "gu",
          "name": "हिन्दी"
        },
        {
          "id": "U3lzdGVtTGFuZ3VhZ2UKZGJu",
          "code": "bn",
          "name": "বাংলা"
        },
        {
          "id": "U3lzdGVtTGFuZ3VhZ2UKZGl0",
          "code": "it",
          "name": "Italiano"
        },
        {
          "id": "U3lzdGVtTGFuZ3VhZ2UKZGph",
          "code": "ja",
          "name": "日本語"
        },
        {
          "id": "U3lzdGVtTGFuZ3VhZ2UKZGtv",
          "code": "ko",
          "name": "한국어"
        }
      ],
      "pageInfo": {
        "endCursor": "OQ==",
        "hasNextPage": true,
        "hasPreviousPage": false,
        "startCursor": "MA=="
      }
    }
  }
}